
                         Lattice Mapping Report File

Design:  lab2top_jl
Family:  iCE40UP
Device:  iCE40UP5K
Package: SG48
Performance Grade:  High-Performance_1.2V

Mapper:    version Radiant Software (64-bit) 2026.1.0.37.0
Mapped on: Sun Sep 13 04:43:12 2026

Design Information
------------------

Command line:   map -pdc C:/Users/jesli/Documents/GitHub/e155-lab2/fpga/e155_lab
     2_jl/lab2sev_seg_pinout.pdc -i e155_lab2_jl_impl_1_syn.udb -o
     e155_lab2_jl_impl_1_map.udb -mp e155_lab2_jl_impl_1.mrp -hierrpt -gui
     -msgset
     C:/Users/jesli/Documents/GitHub/e155-lab2/fpga/e155_lab2_jl/promote.xml

Design Summary
--------------

   Number of slice registers:  47 out of  5280 (1%)
   Number of I/O registers:      0 out of   117 (0%)
   Number of LUT4s:           146 out of  5280 (3%)
      Number of logic LUT4s:              98
      Number of ripple logic:             24 (48 LUT4s)
   Number of IO sites used:   31 out of 39 (79%)
      Number of IO sites used for general PIO: 31
      Number of IO sites used for I3C: 0 out of 2 (0%)
      (note: If I3C is not used, its site can be used as general PIO)
      Number of IO sites used for PIO+I3C: 31 out of 36 (86%)
      Number of IO sites used for OD+RGB IO buffers: 0 out of 3 (0%)
      (note: If RGB LED drivers are not used, sites can be used as OD outputs,
       see TN1288 iCE40 LED Driver Usage Guide)
      Number of IO sites used for PIO+I3C+OD+RGB: 31 out of 39 (79%)
   Number of DSPs:             0 out of 8 (0%)
   Number of I2Cs:             0 out of 2 (0%)
   Number of High Speed OSCs:  1 out of 1 (100%)
   Number of Low Speed OSCs:   0 out of 1 (0%)
   Number of RGB PWM:          0 out of 1 (0%)
   Number of RGB Drivers:      0 out of 1 (0%)
   Number of SCL FILTERs:      0 out of 2 (0%)
   Number of SRAMs:            0 out of 4 (0%)
   Number of WARMBOOTs:        0 out of 1 (0%)
   Number of SPIs:             0 out of 2 (0%)
   Number of EBRs:             0 out of 30 (0%)
   Number of PLLs:             0 out of 1 (0%)
   Number of Clocks:  1
      Net int_osc: 47 loads, 47 rising, 0 falling (Driver: Pin hf_osc/CLKHF)
   Number of Clock Enables:  2
      Net VCC_net: 1 loads, 0 SLICEs
      Net n204: 47 loads, 47 SLICEs
   Number of LSRs:  1
      Net n3: 47 loads, 47 SLICEs
   Top 10 highest fanout non-clock nets:
      Net n204: 47 loads
      Net n3: 47 loads
      Net scanning.scanner_counter.n4: 26 loads
      Net segment_counter.n4: 21 loads

                                    Page 1





Design Summary (cont)
---------------------
      Net pwr_c: 7 loads
      Net sw[0]: 7 loads
      Net sw[1]: 7 loads
      Net sw[2]: 7 loads
      Net sw[3]: 7 loads
      Net scanning.scan_clk: 5 loads





   Number of warnings:  0
   Number of criticals: 0
   Number of errors:    0

Design Errors/Criticals/Warnings
--------------------------------

   No error, critical, or warning presents.

IO (PIO) Attributes
-------------------

+---------------------+-----------+-----------+-------+-------+-----------+
| IO Name             | Direction | Levelmode |  IO   |  IO   | Special   |
|                     |           |  IO_TYPE  |  REG  |  DDR  | IO Buffer |
+---------------------+-----------+-----------+-------+-------+-----------+
| sw1[3]              | INPUT     |           |       |       |           |
+---------------------+-----------+-----------+-------+-------+-----------+
| sw1[2]              | INPUT     |           |       |       |           |
+---------------------+-----------+-----------+-------+-------+-----------+
| sw1[1]              | INPUT     |           |       |       |           |
+---------------------+-----------+-----------+-------+-------+-----------+
| sw1[0]              | INPUT     |           |       |       |           |
+---------------------+-----------+-----------+-------+-------+-----------+
| sw2[3]              | INPUT     |           |       |       |           |
+---------------------+-----------+-----------+-------+-------+-----------+
| sw2[2]              | INPUT     |           |       |       |           |
+---------------------+-----------+-----------+-------+-------+-----------+
| sw2[1]              | INPUT     |           |       |       |           |
+---------------------+-----------+-----------+-------+-------+-----------+
| sw2[0]              | INPUT     |           |       |       |           |
+---------------------+-----------+-----------+-------+-------+-----------+
| col[3]              | INPUT     |           |       |       |           |
+---------------------+-----------+-----------+-------+-------+-----------+
| col[2]              | INPUT     |           |       |       |           |
+---------------------+-----------+-----------+-------+-------+-----------+
| col[1]              | INPUT     |           |       |       |           |
+---------------------+-----------+-----------+-------+-------+-----------+
| col[0]              | INPUT     |           |       |       |           |
+---------------------+-----------+-----------+-------+-------+-----------+
| nreset              | INPUT     |           |       |       |           |
+---------------------+-----------+-----------+-------+-------+-----------+
| enable              | INPUT     |           |       |       |           |
+---------------------+-----------+-----------+-------+-------+-----------+
| pwr[1]              | OUTPUT    |           |       |       |           |
+---------------------+-----------+-----------+-------+-------+-----------+
| pwr[0]              | OUTPUT    |           |       |       |           |

                                    Page 2





IO (PIO) Attributes (cont)
--------------------------
+---------------------+-----------+-----------+-------+-------+-----------+
| seg[6]              | OUTPUT    |           |       |       |           |
+---------------------+-----------+-----------+-------+-------+-----------+
| seg[5]              | OUTPUT    |           |       |       |           |
+---------------------+-----------+-----------+-------+-------+-----------+
| seg[4]              | OUTPUT    |           |       |       |           |
+---------------------+-----------+-----------+-------+-------+-----------+
| seg[3]              | OUTPUT    |           |       |       |           |
+---------------------+-----------+-----------+-------+-------+-----------+
| seg[2]              | OUTPUT    |           |       |       |           |
+---------------------+-----------+-----------+-------+-------+-----------+
| seg[1]              | OUTPUT    |           |       |       |           |
+---------------------+-----------+-----------+-------+-------+-----------+
| seg[0]              | OUTPUT    |           |       |       |           |
+---------------------+-----------+-----------+-------+-------+-----------+
| row[3]              | OUTPUT    |           |       |       |           |
+---------------------+-----------+-----------+-------+-------+-----------+
| row[2]              | OUTPUT    |           |       |       |           |
+---------------------+-----------+-----------+-------+-------+-----------+
| row[1]              | OUTPUT    |           |       |       |           |
+---------------------+-----------+-----------+-------+-------+-----------+
| row[0]              | OUTPUT    |           |       |       |           |
+---------------------+-----------+-----------+-------+-------+-----------+
| led[3]              | OUTPUT    |           |       |       |           |
+---------------------+-----------+-----------+-------+-------+-----------+
| led[2]              | OUTPUT    |           |       |       |           |
+---------------------+-----------+-----------+-------+-------+-----------+
| led[1]              | OUTPUT    |           |       |       |           |
+---------------------+-----------+-----------+-------+-------+-----------+
| led[0]              | OUTPUT    |           |       |       |           |
+---------------------+-----------+-----------+-------+-------+-----------+

Removed logic
-------------

Block i1 was optimized away.

OSC Summary
-----------

OSC 1:                                 Pin/Node Value
  OSC Instance Name:                            hf_osc
  Power UP:                            NODE     VCC_net
  Enable Signal:                       NODE     VCC_net
  OSC Output:                          NODE     int_osc
  DIV Setting:                                  00

ASIC Components
---------------

Instance Name: hf_osc
         Type: HFOSC

Constraint Summary
------------------

   Total number of constraints: 21

                                    Page 3





Constraint Summary (cont)
-------------------------
   Total number of constraints dropped: 0

Run Time and Memory Usage
-------------------------

   Total CPU Time: 0 secs
   Total REAL Time: 0 secs
   Peak Memory Usage: 67 MB
Checksum -- map: 6e558d0820162f144c1c12a64754ae0972d523e2

















































                                    Page 4


Copyright (c) 1991-1994 by NeoCAD Inc. All rights reserved.
Copyright (c) 1995
     AT&T Corp.   All rights reserved.
Copyright (c) 1995-2001 Lucent
     Technologies Inc.  All rights reserved.
Copyright (c) 2001 Agere Systems
     All rights reserved.
Copyright (c) 2002-2026 Lattice Semiconductor
     Corporation,  All rights reserved.
